nohup: ignoring input
07:36:23 INFO chudp: config configs/finetune.toml: {'finetune': {'context': 1024, 'covariates': 'full', 'start': '2025-12-15', 'val_frac': 0.15, 'test_frac': 0.15, 'embargo_bars': 1440, 'trainable': 'all', 'precision': 'fp32', 'loss_scale': 'none', 'lr': 1e-05, 'warmup_steps': 100, 'max_steps': 20000, 'batch_size': 32, 'micro_batch': 8, 'eval_every': 200, 'eval_samples': 8192, 'patience': 5, 'device': 'auto'}}
07:36:23 INFO chudp: resolved config: FinetuneConfig(context=1024, horizon=64, covariates='full', max_ctx_gap_frac=0.01, require_quote_ok=False, start=datetime.date(2025, 12, 15), end=None, val_frac=0.15, test_frac=0.15, val_start=None, test_start=None, embargo_bars=1440, model_id='google/timesfm-3.0-pytorch', device=None, precision='fp32', trainable='all', loss_scale='none', lr=1e-05, min_lr_frac=0.1, weight_decay=0.01, warmup_steps=100, max_steps=20000, batch_size=32, micro_batch=8, grad_clip=1.0, eval_every=200, eval_samples=8192, eval_batch=32, patience=5, log_every=20, seed=0, run_id=None)
07:36:25 INFO chud_predictor.finetune: train targets in [2025-12-19 06:57:00, 2026-06-27 00:00:00): 203750 origins
07:36:25 INFO chud_predictor.finetune: val   targets in [2026-06-28 00:00:00, 2026-08-06 00:00:00): 46580 origins
07:36:25 INFO chud_predictor.finetune: test  targets in [2026-08-07 00:00:00, 2026-09-17 02:00:00): 45708 origins
07:36:25 INFO chud_predictor.model: loading google/timesfm-3.0-pytorch on cuda (AMD Instinct MI300X VF, torch 2.14.0+rocm7.2) (batch 32)
07:36:27 INFO chud_predictor.finetune: trainable parameters: 330.7M of 330.7M (all); 25 variates
07:39:08 INFO chud_predictor.finetune: zero-shot val : pinball_c=9.9061  pinball_c_fan=7.6029  skill_pinball=-0.3029  rmse_c=32.5271  skill_mse=-0.2008  skill_mae=-0.0011  cover80=0.3105  settle_bss_persist=-0.4602
07:39:08 INFO chud_predictor.finetune: zero-shot test: pinball_c=9.5500  pinball_c_fan=7.3587  skill_pinball=-0.2978  rmse_c=31.5174  skill_mse=-0.2131  skill_mae=-0.0205  cover80=0.3177  settle_bss_persist=-0.4666
07:39:38 INFO chud_predictor.finetune: step 20/20000  train_loss=0.10247  grad_norm=0.128  lr=2.00e-06  epoch=1  22.0 origins/s
07:40:03 INFO chud_predictor.finetune: step 40/20000  train_loss=0.09408  grad_norm=0.197  lr=4.00e-06  epoch=1  23.4 origins/s
07:40:29 INFO chud_predictor.finetune: step 60/20000  train_loss=0.09355  grad_norm=0.097  lr=6.00e-06  epoch=1  23.8 origins/s
07:40:55 INFO chud_predictor.finetune: step 80/20000  train_loss=0.08166  grad_norm=0.069  lr=8.00e-06  epoch=1  24.1 origins/s
07:41:20 WARNING chud_predictor.finetune: step 100: non-finite gradient, update skipped (1 so far)
07:41:20 INFO chud_predictor.finetune: step 100/20000  train_loss=0.08290  grad_norm=nan  lr=1.00e-05  epoch=1  24.3 origins/s
07:41:46 INFO chud_predictor.finetune: step 120/20000  train_loss=0.07878  grad_norm=0.071  lr=1.00e-05  epoch=1  24.4 origins/s
07:42:12 INFO chud_predictor.finetune: step 140/20000  train_loss=0.08438  grad_norm=0.084  lr=1.00e-05  epoch=1  24.4 origins/s
07:42:37 INFO chud_predictor.finetune: step 160/20000  train_loss=0.07722  grad_norm=0.068  lr=1.00e-05  epoch=1  24.5 origins/s
07:43:03 INFO chud_predictor.finetune: step 180/20000  train_loss=0.07727  grad_norm=0.086  lr=1.00e-05  epoch=1  24.5 origins/s
07:43:29 INFO chud_predictor.finetune: step 200/20000  train_loss=0.07857  grad_norm=0.078  lr=1.00e-05  epoch=1  24.6 origins/s
07:44:47 INFO chud_predictor.finetune: step 200 val: pinball_c=7.9420  pinball_c_fan=7.6029  skill_pinball=-0.0446  rmse_c=30.4251  skill_mse=-0.0506  skill_mae=0.0013  cover80=0.8112  settle_bss_persist=-0.1193  *best*
07:45:08 WARNING chud_predictor.finetune: step 216: non-finite gradient, update skipped (2 so far)
07:45:14 INFO chud_predictor.finetune: step 220/20000  train_loss=0.07651  grad_norm=0.075  lr=1.00e-05  epoch=1  19.3 origins/s
07:45:39 INFO chud_predictor.finetune: step 240/20000  train_loss=0.07787  grad_norm=0.062  lr=1.00e-05  epoch=1  19.7 origins/s
07:46:05 INFO chud_predictor.finetune: step 260/20000  train_loss=0.07599  grad_norm=0.072  lr=1.00e-05  epoch=1  20.0 origins/s
07:46:31 INFO chud_predictor.finetune: step 280/20000  train_loss=0.07623  grad_norm=0.097  lr=1.00e-05  epoch=1  20.3 origins/s
07:46:56 INFO chud_predictor.finetune: step 300/20000  train_loss=0.07182  grad_norm=0.062  lr=1.00e-05  epoch=1  20.5 origins/s
07:47:22 INFO chud_predictor.finetune: step 320/20000  train_loss=0.08001  grad_norm=0.102  lr=1.00e-05  epoch=1  20.8 origins/s
07:47:47 INFO chud_predictor.finetune: step 340/20000  train_loss=0.07642  grad_norm=0.071  lr=1.00e-05  epoch=1  21.0 origins/s
07:48:13 INFO chud_predictor.finetune: step 360/20000  train_loss=0.07606  grad_norm=0.088  lr=1.00e-05  epoch=1  21.1 origins/s
07:48:39 INFO chud_predictor.finetune: step 380/20000  train_loss=0.07854  grad_norm=0.066  lr=1.00e-05  epoch=1  21.3 origins/s
07:49:05 INFO chud_predictor.finetune: step 400/20000  train_loss=0.07578  grad_norm=0.056  lr=9.99e-06  epoch=1  21.5 origins/s
07:50:23 INFO chud_predictor.finetune: step 400 val: pinball_c=7.8448  pinball_c_fan=7.6029  skill_pinball=-0.0318  rmse_c=30.1009  skill_mse=-0.0284  skill_mae=-0.0017  cover80=0.7768  settle_bss_persist=-0.0587  *best*
07:50:50 INFO chud_predictor.finetune: step 420/20000  train_loss=0.07603  grad_norm=0.064  lr=9.99e-06  epoch=1  19.2 origins/s
07:51:15 INFO chud_predictor.finetune: step 440/20000  train_loss=0.07476  grad_norm=0.069  lr=9.99e-06  epoch=1  19.4 origins/s
07:51:41 INFO chud_predictor.finetune: step 460/20000  train_loss=0.07894  grad_norm=0.078  lr=9.99e-06  epoch=1  19.6 origins/s
07:52:07 WARNING chud_predictor.finetune: step 480: non-finite gradient, update skipped (3 so far)
07:52:07 INFO chud_predictor.finetune: step 480/20000  train_loss=0.07617  grad_norm=nan  lr=9.99e-06  epoch=1  19.7 origins/s
07:52:32 INFO chud_predictor.finetune: step 500/20000  train_loss=0.07930  grad_norm=0.075  lr=9.99e-06  epoch=1  19.9 origins/s
07:52:58 INFO chud_predictor.finetune: step 520/20000  train_loss=0.07616  grad_norm=0.055  lr=9.99e-06  epoch=1  20.1 origins/s
07:53:24 INFO chud_predictor.finetune: step 540/20000  train_loss=0.07828  grad_norm=0.070  lr=9.99e-06  epoch=1  20.2 origins/s
07:53:49 INFO chud_predictor.finetune: step 560/20000  train_loss=0.07462  grad_norm=0.075  lr=9.99e-06  epoch=1  20.3 origins/s
07:54:15 INFO chud_predictor.finetune: step 580/20000  train_loss=0.07458  grad_norm=0.065  lr=9.99e-06  epoch=1  20.5 origins/s
07:54:40 INFO chud_predictor.finetune: step 600/20000  train_loss=0.07537  grad_norm=0.056  lr=9.99e-06  epoch=1  20.6 origins/s
07:55:58 INFO chud_predictor.finetune: step 600 val: pinball_c=7.7861  pinball_c_fan=7.6029  skill_pinball=-0.0241  rmse_c=30.0702  skill_mse=-0.0263  skill_mae=0.0022  cover80=0.7875  settle_bss_persist=-0.0461  *best*
07:56:25 INFO chud_predictor.finetune: step 620/20000  train_loss=0.07324  grad_norm=0.065  lr=9.98e-06  epoch=1  19.1 origins/s
07:56:51 INFO chud_predictor.finetune: step 640/20000  train_loss=0.07731  grad_norm=0.078  lr=9.98e-06  epoch=1  19.3 origins/s
07:57:17 INFO chud_predictor.finetune: step 660/20000  train_loss=0.07503  grad_norm=0.064  lr=9.98e-06  epoch=1  19.4 origins/s
07:57:42 INFO chud_predictor.finetune: step 680/20000  train_loss=0.07967  grad_norm=0.078  lr=9.98e-06  epoch=1  19.5 origins/s
07:58:08 INFO chud_predictor.finetune: step 700/20000  train_loss=0.07783  grad_norm=0.062  lr=9.98e-06  epoch=1  19.7 origins/s
07:58:34 INFO chud_predictor.finetune: step 720/20000  train_loss=0.07399  grad_norm=0.104  lr=9.98e-06  epoch=1  19.8 origins/s
07:58:59 INFO chud_predictor.finetune: step 740/20000  train_loss=0.07227  grad_norm=0.109  lr=9.98e-06  epoch=1  19.9 origins/s
07:59:25 INFO chud_predictor.finetune: step 760/20000  train_loss=0.07445  grad_norm=0.071  lr=9.98e-06  epoch=1  20.0 origins/s
07:59:51 INFO chud_predictor.finetune: step 780/20000  train_loss=0.07758  grad_norm=0.068  lr=9.97e-06  epoch=1  20.1 origins/s
08:00:16 INFO chud_predictor.finetune: step 800/20000  train_loss=0.07811  grad_norm=0.079  lr=9.97e-06  epoch=1  20.2 origins/s
08:01:34 INFO chud_predictor.finetune: step 800 val: pinball_c=7.7489  pinball_c_fan=7.6029  skill_pinball=-0.0192  rmse_c=29.9625  skill_mse=-0.0189  skill_mae=0.0021  cover80=0.7462  settle_bss_persist=-0.0364  *best*
08:02:01 INFO chud_predictor.finetune: step 820/20000  train_loss=0.07423  grad_norm=0.081  lr=9.97e-06  epoch=1  19.1 origins/s
08:02:27 INFO chud_predictor.finetune: step 840/20000  train_loss=0.07479  grad_norm=0.062  lr=9.97e-06  epoch=1  19.2 origins/s
08:02:53 INFO chud_predictor.finetune: step 860/20000  train_loss=0.07316  grad_norm=0.070  lr=9.97e-06  epoch=1  19.3 origins/s
08:03:18 INFO chud_predictor.finetune: step 880/20000  train_loss=0.07285  grad_norm=0.078  lr=9.97e-06  epoch=1  19.4 origins/s
08:03:44 INFO chud_predictor.finetune: step 900/20000  train_loss=0.07133  grad_norm=0.061  lr=9.96e-06  epoch=1  19.5 origins/s
08:04:10 INFO chud_predictor.finetune: step 920/20000  train_loss=0.07572  grad_norm=0.072  lr=9.96e-06  epoch=1  19.6 origins/s
08:04:35 INFO chud_predictor.finetune: step 940/20000  train_loss=0.07315  grad_norm=0.066  lr=9.96e-06  epoch=1  19.7 origins/s
08:05:01 INFO chud_predictor.finetune: step 960/20000  train_loss=0.07859  grad_norm=0.087  lr=9.96e-06  epoch=1  19.8 origins/s
08:05:27 INFO chud_predictor.finetune: step 980/20000  train_loss=0.07409  grad_norm=0.078  lr=9.96e-06  epoch=1  19.9 origins/s
08:05:52 INFO chud_predictor.finetune: step 1000/20000  train_loss=0.07582  grad_norm=0.069  lr=9.95e-06  epoch=1  20.0 origins/s
08:07:10 INFO chud_predictor.finetune: step 1000 val: pinball_c=7.7301  pinball_c_fan=7.6029  skill_pinball=-0.0167  rmse_c=29.8788  skill_mse=-0.0132  skill_mae=-0.0014  cover80=0.7647  settle_bss_persist=-0.0237  *best*
08:07:37 INFO chud_predictor.finetune: step 1020/20000  train_loss=0.07858  grad_norm=0.054  lr=9.95e-06  epoch=1  19.1 origins/s
08:08:03 INFO chud_predictor.finetune: step 1040/20000  train_loss=0.07571  grad_norm=0.063  lr=9.95e-06  epoch=1  19.2 origins/s
08:08:29 INFO chud_predictor.finetune: step 1060/20000  train_loss=0.07138  grad_norm=0.059  lr=9.95e-06  epoch=1  19.3 origins/s
08:08:54 INFO chud_predictor.finetune: step 1080/20000  train_loss=0.07669  grad_norm=0.076  lr=9.95e-06  epoch=1  19.4 origins/s
08:09:20 INFO chud_predictor.finetune: step 1100/20000  train_loss=0.07243  grad_norm=0.073  lr=9.94e-06  epoch=1  19.4 origins/s
08:09:46 INFO chud_predictor.finetune: step 1120/20000  train_loss=0.07315  grad_norm=0.109  lr=9.94e-06  epoch=1  19.5 origins/s
08:10:11 INFO chud_predictor.finetune: step 1140/20000  train_loss=0.07321  grad_norm=0.068  lr=9.94e-06  epoch=1  19.6 origins/s
08:10:37 INFO chud_predictor.finetune: step 1160/20000  train_loss=0.07947  grad_norm=0.076  lr=9.94e-06  epoch=1  19.7 origins/s
08:11:03 INFO chud_predictor.finetune: step 1180/20000  train_loss=0.07475  grad_norm=0.062  lr=9.93e-06  epoch=1  19.7 origins/s
08:11:28 INFO chud_predictor.finetune: step 1200/20000  train_loss=0.07467  grad_norm=0.075  lr=9.93e-06  epoch=1  19.8 origins/s
08:12:46 INFO chud_predictor.finetune: step 1200 val: pinball_c=7.6787  pinball_c_fan=7.6029  skill_pinball=-0.0100  rmse_c=29.8487  skill_mse=-0.0112  skill_mae=0.0031  cover80=0.8062  settle_bss_persist=-0.0210  *best*
08:13:13 INFO chud_predictor.finetune: step 1220/20000  train_loss=0.07714  grad_norm=0.070  lr=9.93e-06  epoch=1  19.1 origins/s
08:13:39 INFO chud_predictor.finetune: step 1240/20000  train_loss=0.07290  grad_norm=0.102  lr=9.93e-06  epoch=1  19.2 origins/s
08:14:04 INFO chud_predictor.finetune: step 1260/20000  train_loss=0.07330  grad_norm=0.080  lr=9.92e-06  epoch=1  19.2 origins/s
08:14:30 INFO chud_predictor.finetune: step 1280/20000  train_loss=0.07722  grad_norm=0.060  lr=9.92e-06  epoch=1  19.3 origins/s
08:14:56 INFO chud_predictor.finetune: step 1300/20000  train_loss=0.07526  grad_norm=0.067  lr=9.92e-06  epoch=1  19.4 origins/s
08:15:21 INFO chud_predictor.finetune: step 1320/20000  train_loss=0.07707  grad_norm=0.065  lr=9.92e-06  epoch=1  19.4 origins/s
08:15:47 INFO chud_predictor.finetune: step 1340/20000  train_loss=0.06929  grad_norm=0.080  lr=9.91e-06  epoch=1  19.5 origins/s
08:16:13 INFO chud_predictor.finetune: step 1360/20000  train_loss=0.07443  grad_norm=0.058  lr=9.91e-06  epoch=1  19.6 origins/s
08:16:38 INFO chud_predictor.finetune: step 1380/20000  train_loss=0.07354  grad_norm=0.066  lr=9.91e-06  epoch=1  19.6 origins/s
08:17:04 INFO chud_predictor.finetune: step 1400/20000  train_loss=0.07724  grad_norm=0.073  lr=9.91e-06  epoch=1  19.7 origins/s
08:18:22 INFO chud_predictor.finetune: step 1400 val: pinball_c=7.6606  pinball_c_fan=7.6029  skill_pinball=-0.0076  rmse_c=29.8585  skill_mse=-0.0119  skill_mae=0.0044  cover80=0.8311  settle_bss_persist=-0.0220  *best*
08:18:49 INFO chud_predictor.finetune: step 1420/20000  train_loss=0.07176  grad_norm=0.076  lr=9.90e-06  epoch=1  19.1 origins/s
08:19:15 INFO chud_predictor.finetune: step 1440/20000  train_loss=0.07717  grad_norm=0.082  lr=9.90e-06  epoch=1  19.1 origins/s
08:19:41 INFO chud_predictor.finetune: step 1460/20000  train_loss=0.07822  grad_norm=0.091  lr=9.90e-06  epoch=1  19.2 origins/s
08:20:06 INFO chud_predictor.finetune: step 1480/20000  train_loss=0.07793  grad_norm=0.094  lr=9.89e-06  epoch=1  19.3 origins/s
08:20:32 INFO chud_predictor.finetune: step 1500/20000  train_loss=0.07351  grad_norm=0.075  lr=9.89e-06  epoch=1  19.3 origins/s
08:20:58 INFO chud_predictor.finetune: step 1520/20000  train_loss=0.07329  grad_norm=0.065  lr=9.89e-06  epoch=1  19.4 origins/s
08:21:23 INFO chud_predictor.finetune: step 1540/20000  train_loss=0.06929  grad_norm=0.072  lr=9.88e-06  epoch=1  19.4 origins/s
08:21:49 INFO chud_predictor.finetune: step 1560/20000  train_loss=0.07656  grad_norm=0.096  lr=9.88e-06  epoch=1  19.5 origins/s
08:22:15 INFO chud_predictor.finetune: step 1580/20000  train_loss=0.07719  grad_norm=0.055  lr=9.88e-06  epoch=1  19.5 origins/s
08:22:41 INFO chud_predictor.finetune: step 1600/20000  train_loss=0.07235  grad_norm=0.050  lr=9.87e-06  epoch=1  19.6 origins/s
08:23:59 INFO chud_predictor.finetune: step 1600 val: pinball_c=7.6574  pinball_c_fan=7.6029  skill_pinball=-0.0072  rmse_c=29.8371  skill_mse=-0.0104  skill_mae=0.0040  cover80=0.8238  settle_bss_persist=-0.0174  *best*
08:24:26 INFO chud_predictor.finetune: step 1620/20000  train_loss=0.07362  grad_norm=0.079  lr=9.87e-06  epoch=1  19.1 origins/s
08:24:51 INFO chud_predictor.finetune: step 1640/20000  train_loss=0.07470  grad_norm=0.092  lr=9.87e-06  epoch=1  19.1 origins/s
08:25:17 INFO chud_predictor.finetune: step 1660/20000  train_loss=0.07398  grad_norm=0.091  lr=9.86e-06  epoch=1  19.2 origins/s
08:25:43 INFO chud_predictor.finetune: step 1680/20000  train_loss=0.07375  grad_norm=0.078  lr=9.86e-06  epoch=1  19.2 origins/s
08:26:08 INFO chud_predictor.finetune: step 1700/20000  train_loss=0.07558  grad_norm=0.097  lr=9.86e-06  epoch=1  19.3 origins/s
08:26:34 INFO chud_predictor.finetune: step 1720/20000  train_loss=0.07411  grad_norm=0.057  lr=9.85e-06  epoch=1  19.3 origins/s
08:26:58 WARNING chud_predictor.finetune: step 1739: non-finite gradient, update skipped (4 so far)
08:27:00 INFO chud_predictor.finetune: step 1740/20000  train_loss=0.07572  grad_norm=0.073  lr=9.85e-06  epoch=1  19.4 origins/s
08:27:25 INFO chud_predictor.finetune: step 1760/20000  train_loss=0.07571  grad_norm=0.079  lr=9.85e-06  epoch=1  19.4 origins/s
08:27:51 INFO chud_predictor.finetune: step 1780/20000  train_loss=0.07029  grad_norm=0.078  lr=9.84e-06  epoch=1  19.5 origins/s
08:28:16 INFO chud_predictor.finetune: step 1800/20000  train_loss=0.07126  grad_norm=0.065  lr=9.84e-06  epoch=1  19.5 origins/s
08:29:34 INFO chud_predictor.finetune: step 1800 val: pinball_c=7.6891  pinball_c_fan=7.6029  skill_pinball=-0.0113  rmse_c=29.9211  skill_mse=-0.0161  skill_mae=0.0035  cover80=0.7505  settle_bss_persist=-0.0220
08:30:00 INFO chud_predictor.finetune: step 1820/20000  train_loss=0.07466  grad_norm=0.065  lr=9.84e-06  epoch=1  19.1 origins/s
08:30:26 INFO chud_predictor.finetune: step 1840/20000  train_loss=0.07464  grad_norm=0.066  lr=9.83e-06  epoch=1  19.1 origins/s
08:30:51 INFO chud_predictor.finetune: step 1860/20000  train_loss=0.07202  grad_norm=0.055  lr=9.83e-06  epoch=1  19.2 origins/s
08:31:17 INFO chud_predictor.finetune: step 1880/20000  train_loss=0.07412  grad_norm=0.077  lr=9.82e-06  epoch=1  19.2 origins/s
08:31:43 INFO chud_predictor.finetune: step 1900/20000  train_loss=0.07319  grad_norm=0.067  lr=9.82e-06  epoch=1  19.3 origins/s
08:32:08 INFO chud_predictor.finetune: step 1920/20000  train_loss=0.07549  grad_norm=0.055  lr=9.82e-06  epoch=1  19.3 origins/s
08:32:34 INFO chud_predictor.finetune: step 1940/20000  train_loss=0.07311  grad_norm=0.072  lr=9.81e-06  epoch=1  19.4 origins/s
08:33:00 INFO chud_predictor.finetune: step 1960/20000  train_loss=0.07517  grad_norm=0.063  lr=9.81e-06  epoch=1  19.4 origins/s
08:33:25 INFO chud_predictor.finetune: step 1980/20000  train_loss=0.07261  grad_norm=0.087  lr=9.80e-06  epoch=1  19.5 origins/s
08:33:51 INFO chud_predictor.finetune: step 2000/20000  train_loss=0.07284  grad_norm=0.042  lr=9.80e-06  epoch=1  19.5 origins/s
08:35:09 INFO chud_predictor.finetune: step 2000 val: pinball_c=7.6556  pinball_c_fan=7.6029  skill_pinball=-0.0069  rmse_c=29.8134  skill_mse=-0.0088  skill_mae=0.0024  cover80=0.8230  settle_bss_persist=-0.0135  *best*
08:35:36 INFO chud_predictor.finetune: step 2020/20000  train_loss=0.07403  grad_norm=0.062  lr=9.79e-06  epoch=1  19.1 origins/s
08:36:02 INFO chud_predictor.finetune: step 2040/20000  train_loss=0.07600  grad_norm=0.072  lr=9.79e-06  epoch=1  19.1 origins/s
08:36:27 INFO chud_predictor.finetune: step 2060/20000  train_loss=0.07597  grad_norm=0.060  lr=9.79e-06  epoch=1  19.2 origins/s
08:36:53 INFO chud_predictor.finetune: step 2080/20000  train_loss=0.07230  grad_norm=0.079  lr=9.78e-06  epoch=1  19.2 origins/s
08:37:19 INFO chud_predictor.finetune: step 2100/20000  train_loss=0.07723  grad_norm=0.075  lr=9.78e-06  epoch=1  19.3 origins/s
08:37:45 INFO chud_predictor.finetune: step 2120/20000  train_loss=0.07160  grad_norm=0.113  lr=9.77e-06  epoch=1  19.3 origins/s
08:38:10 INFO chud_predictor.finetune: step 2140/20000  train_loss=0.07277  grad_norm=0.078  lr=9.77e-06  epoch=1  19.3 origins/s
08:38:36 INFO chud_predictor.finetune: step 2160/20000  train_loss=0.07534  grad_norm=0.070  lr=9.76e-06  epoch=1  19.4 origins/s
08:39:01 INFO chud_predictor.finetune: step 2180/20000  train_loss=0.07251  grad_norm=0.055  lr=9.76e-06  epoch=1  19.4 origins/s
08:39:27 INFO chud_predictor.finetune: step 2200/20000  train_loss=0.07341  grad_norm=0.060  lr=9.75e-06  epoch=1  19.5 origins/s
08:40:45 INFO chud_predictor.finetune: step 2200 val: pinball_c=7.6470  pinball_c_fan=7.6029  skill_pinball=-0.0058  rmse_c=29.8804  skill_mse=-0.0133  skill_mae=0.0021  cover80=0.8371  settle_bss_persist=-0.0174  *best*
08:41:12 INFO chud_predictor.finetune: step 2220/20000  train_loss=0.07327  grad_norm=0.072  lr=9.75e-06  epoch=1  19.1 origins/s
08:41:38 INFO chud_predictor.finetune: step 2240/20000  train_loss=0.07462  grad_norm=0.073  lr=9.75e-06  epoch=1  19.1 origins/s
08:42:04 INFO chud_predictor.finetune: step 2260/20000  train_loss=0.07801  grad_norm=0.069  lr=9.74e-06  epoch=1  19.2 origins/s
08:42:29 INFO chud_predictor.finetune: step 2280/20000  train_loss=0.07853  grad_norm=0.062  lr=9.74e-06  epoch=1  19.2 origins/s
08:42:51 WARNING chud_predictor.finetune: step 2297: non-finite gradient, update skipped (5 so far)
08:42:55 INFO chud_predictor.finetune: step 2300/20000  train_loss=0.07593  grad_norm=0.061  lr=9.73e-06  epoch=1  19.2 origins/s
08:43:20 INFO chud_predictor.finetune: step 2320/20000  train_loss=0.07365  grad_norm=0.066  lr=9.73e-06  epoch=1  19.3 origins/s
08:43:31 WARNING chud_predictor.finetune: step 2328: non-finite gradient, update skipped (6 so far)
08:43:46 INFO chud_predictor.finetune: step 2340/20000  train_loss=0.07909  grad_norm=0.069  lr=9.72e-06  epoch=1  19.3 origins/s
08:44:12 INFO chud_predictor.finetune: step 2360/20000  train_loss=0.07873  grad_norm=0.073  lr=9.72e-06  epoch=1  19.3 origins/s
08:44:37 INFO chud_predictor.finetune: step 2380/20000  train_loss=0.07504  grad_norm=0.070  lr=9.71e-06  epoch=1  19.4 origins/s
08:45:03 INFO chud_predictor.finetune: step 2400/20000  train_loss=0.07392  grad_norm=0.103  lr=9.71e-06  epoch=1  19.4 origins/s
08:46:21 INFO chud_predictor.finetune: step 2400 val: pinball_c=7.6163  pinball_c_fan=7.6029  skill_pinball=-0.0018  rmse_c=29.7839  skill_mse=-0.0068  skill_mae=0.0048  cover80=0.8351  settle_bss_persist=-0.0123  *best*
08:46:35 WARNING chud_predictor.finetune: step 2410: non-finite gradient, update skipped (7 so far)
08:46:48 INFO chud_predictor.finetune: step 2420/20000  train_loss=0.07401  grad_norm=0.090  lr=9.70e-06  epoch=1  19.1 origins/s
08:47:14 INFO chud_predictor.finetune: step 2440/20000  train_loss=0.07440  grad_norm=0.068  lr=9.70e-06  epoch=1  19.1 origins/s
08:47:40 INFO chud_predictor.finetune: step 2460/20000  train_loss=0.07557  grad_norm=0.068  lr=9.69e-06  epoch=1  19.1 origins/s
08:48:05 INFO chud_predictor.finetune: step 2480/20000  train_loss=0.07326  grad_norm=0.069  lr=9.69e-06  epoch=1  19.2 origins/s
08:48:31 INFO chud_predictor.finetune: step 2500/20000  train_loss=0.07323  grad_norm=0.059  lr=9.68e-06  epoch=1  19.2 origins/s
08:48:57 INFO chud_predictor.finetune: step 2520/20000  train_loss=0.07681  grad_norm=0.083  lr=9.68e-06  epoch=1  19.3 origins/s
08:49:22 INFO chud_predictor.finetune: step 2540/20000  train_loss=0.07317  grad_norm=0.076  lr=9.67e-06  epoch=1  19.3 origins/s
08:49:48 INFO chud_predictor.finetune: step 2560/20000  train_loss=0.07361  grad_norm=0.061  lr=9.66e-06  epoch=1  19.3 origins/s
08:50:14 INFO chud_predictor.finetune: step 2580/20000  train_loss=0.07448  grad_norm=0.070  lr=9.66e-06  epoch=1  19.4 origins/s
08:50:39 INFO chud_predictor.finetune: step 2600/20000  train_loss=0.07623  grad_norm=0.061  lr=9.65e-06  epoch=1  19.4 origins/s
08:51:57 INFO chud_predictor.finetune: step 2600 val: pinball_c=7.6279  pinball_c_fan=7.6029  skill_pinball=-0.0033  rmse_c=29.8170  skill_mse=-0.0090  skill_mae=0.0056  cover80=0.8414  settle_bss_persist=-0.0147
08:52:23 INFO chud_predictor.finetune: step 2620/20000  train_loss=0.07528  grad_norm=0.058  lr=9.65e-06  epoch=1  19.1 origins/s
08:52:49 INFO chud_predictor.finetune: step 2640/20000  train_loss=0.07455  grad_norm=0.069  lr=9.64e-06  epoch=1  19.1 origins/s
08:53:14 INFO chud_predictor.finetune: step 2660/20000  train_loss=0.07519  grad_norm=0.056  lr=9.64e-06  epoch=1  19.1 origins/s
08:53:40 INFO chud_predictor.finetune: step 2680/20000  train_loss=0.07533  grad_norm=0.053  lr=9.63e-06  epoch=1  19.2 origins/s
08:54:06 INFO chud_predictor.finetune: step 2700/20000  train_loss=0.07161  grad_norm=0.059  lr=9.63e-06  epoch=1  19.2 origins/s
08:54:31 INFO chud_predictor.finetune: step 2720/20000  train_loss=0.07466  grad_norm=0.083  lr=9.62e-06  epoch=1  19.2 origins/s
08:54:57 INFO chud_predictor.finetune: step 2740/20000  train_loss=0.07458  grad_norm=0.092  lr=9.61e-06  epoch=1  19.3 origins/s
08:55:23 INFO chud_predictor.finetune: step 2760/20000  train_loss=0.07450  grad_norm=0.080  lr=9.61e-06  epoch=1  19.3 origins/s
08:55:48 INFO chud_predictor.finetune: step 2780/20000  train_loss=0.07106  grad_norm=0.065  lr=9.60e-06  epoch=1  19.3 origins/s
08:56:14 INFO chud_predictor.finetune: step 2800/20000  train_loss=0.07516  grad_norm=0.074  lr=9.60e-06  epoch=1  19.4 origins/s
08:57:32 INFO chud_predictor.finetune: step 2800 val: pinball_c=7.6303  pinball_c_fan=7.6029  skill_pinball=-0.0036  rmse_c=29.7977  skill_mse=-0.0077  skill_mae=0.0047  cover80=0.8020  settle_bss_persist=-0.0103
08:57:58 INFO chud_predictor.finetune: step 2820/20000  train_loss=0.07353  grad_norm=0.082  lr=9.59e-06  epoch=1  19.1 origins/s
08:58:23 INFO chud_predictor.finetune: step 2840/20000  train_loss=0.07267  grad_norm=0.078  lr=9.59e-06  epoch=1  19.1 origins/s
08:58:49 INFO chud_predictor.finetune: step 2860/20000  train_loss=0.07219  grad_norm=0.083  lr=9.58e-06  epoch=1  19.1 origins/s
08:59:15 INFO chud_predictor.finetune: step 2880/20000  train_loss=0.07757  grad_norm=0.075  lr=9.57e-06  epoch=1  19.2 origins/s
08:59:40 INFO chud_predictor.finetune: step 2900/20000  train_loss=0.07486  grad_norm=0.058  lr=9.57e-06  epoch=1  19.2 origins/s
09:00:06 INFO chud_predictor.finetune: step 2920/20000  train_loss=0.07548  grad_norm=0.078  lr=9.56e-06  epoch=1  19.2 origins/s
09:00:32 INFO chud_predictor.finetune: step 2940/20000  train_loss=0.07258  grad_norm=0.064  lr=9.56e-06  epoch=1  19.3 origins/s
09:00:57 INFO chud_predictor.finetune: step 2960/20000  train_loss=0.07627  grad_norm=0.081  lr=9.55e-06  epoch=1  19.3 origins/s
09:01:23 INFO chud_predictor.finetune: step 2980/20000  train_loss=0.07488  grad_norm=0.065  lr=9.54e-06  epoch=1  19.3 origins/s
09:01:49 INFO chud_predictor.finetune: step 3000/20000  train_loss=0.07544  grad_norm=0.056  lr=9.54e-06  epoch=1  19.4 origins/s
09:03:07 INFO chud_predictor.finetune: step 3000 val: pinball_c=7.6042  pinball_c_fan=7.6029  skill_pinball=-0.0002  rmse_c=29.7285  skill_mse=-0.0031  skill_mae=0.0067  cover80=0.8396  settle_bss_persist=-0.0098  *best*
09:03:34 INFO chud_predictor.finetune: step 3020/20000  train_loss=0.07512  grad_norm=0.095  lr=9.53e-06  epoch=1  19.1 origins/s
09:03:59 INFO chud_predictor.finetune: step 3040/20000  train_loss=0.08013  grad_norm=0.087  lr=9.52e-06  epoch=1  19.1 origins/s
09:04:25 INFO chud_predictor.finetune: step 3060/20000  train_loss=0.07078  grad_norm=0.084  lr=9.52e-06  epoch=1  19.1 origins/s
09:04:51 INFO chud_predictor.finetune: step 3080/20000  train_loss=0.07394  grad_norm=0.072  lr=9.51e-06  epoch=1  19.2 origins/s
09:05:16 INFO chud_predictor.finetune: step 3100/20000  train_loss=0.07425  grad_norm=0.068  lr=9.50e-06  epoch=1  19.2 origins/s
09:05:42 INFO chud_predictor.finetune: step 3120/20000  train_loss=0.07582  grad_norm=0.055  lr=9.50e-06  epoch=1  19.2 origins/s
09:06:08 INFO chud_predictor.finetune: step 3140/20000  train_loss=0.07370  grad_norm=0.085  lr=9.49e-06  epoch=1  19.3 origins/s
09:06:34 INFO chud_predictor.finetune: step 3160/20000  train_loss=0.07360  grad_norm=0.080  lr=9.49e-06  epoch=1  19.3 origins/s
09:06:59 INFO chud_predictor.finetune: step 3180/20000  train_loss=0.07209  grad_norm=0.063  lr=9.48e-06  epoch=1  19.3 origins/s
09:07:25 INFO chud_predictor.finetune: step 3200/20000  train_loss=0.07592  grad_norm=0.066  lr=9.47e-06  epoch=1  19.3 origins/s
09:08:43 INFO chud_predictor.finetune: step 3200 val: pinball_c=7.6269  pinball_c_fan=7.6029  skill_pinball=-0.0032  rmse_c=29.7782  skill_mse=-0.0064  skill_mae=0.0038  cover80=0.8073  settle_bss_persist=-0.0088
09:09:09 INFO chud_predictor.finetune: step 3220/20000  train_loss=0.07828  grad_norm=0.077  lr=9.47e-06  epoch=1  19.1 origins/s
09:09:34 INFO chud_predictor.finetune: step 3240/20000  train_loss=0.07673  grad_norm=0.082  lr=9.46e-06  epoch=1  19.1 origins/s
09:10:00 INFO chud_predictor.finetune: step 3260/20000  train_loss=0.07254  grad_norm=0.080  lr=9.45e-06  epoch=1  19.1 origins/s
09:10:26 INFO chud_predictor.finetune: step 3280/20000  train_loss=0.07302  grad_norm=0.067  lr=9.44e-06  epoch=1  19.2 origins/s
09:10:51 INFO chud_predictor.finetune: step 3300/20000  train_loss=0.07411  grad_norm=0.090  lr=9.44e-06  epoch=1  19.2 origins/s
09:11:17 INFO chud_predictor.finetune: step 3320/20000  train_loss=0.07643  grad_norm=0.062  lr=9.43e-06  epoch=1  19.2 origins/s
09:11:43 INFO chud_predictor.finetune: step 3340/20000  train_loss=0.07339  grad_norm=0.107  lr=9.42e-06  epoch=1  19.2 origins/s
09:12:08 INFO chud_predictor.finetune: step 3360/20000  train_loss=0.07752  grad_norm=0.057  lr=9.42e-06  epoch=1  19.3 origins/s
09:12:34 INFO chud_predictor.finetune: step 3380/20000  train_loss=0.07065  grad_norm=0.078  lr=9.41e-06  epoch=1  19.3 origins/s
09:13:00 INFO chud_predictor.finetune: step 3400/20000  train_loss=0.07714  grad_norm=0.059  lr=9.40e-06  epoch=1  19.3 origins/s
09:14:18 INFO chud_predictor.finetune: step 3400 val: pinball_c=7.6193  pinball_c_fan=7.6029  skill_pinball=-0.0022  rmse_c=29.8391  skill_mse=-0.0105  skill_mae=0.0066  cover80=0.8245  settle_bss_persist=-0.0152
09:14:43 INFO chud_predictor.finetune: step 3420/20000  train_loss=0.07403  grad_norm=0.106  lr=9.40e-06  epoch=1  19.1 origins/s
09:15:09 INFO chud_predictor.finetune: step 3440/20000  train_loss=0.06733  grad_norm=0.071  lr=9.39e-06  epoch=1  19.1 origins/s
09:15:35 INFO chud_predictor.finetune: step 3460/20000  train_loss=0.07704  grad_norm=0.076  lr=9.38e-06  epoch=1  19.1 origins/s
09:16:00 INFO chud_predictor.finetune: step 3480/20000  train_loss=0.07283  grad_norm=0.052  lr=9.37e-06  epoch=1  19.2 origins/s
09:16:26 INFO chud_predictor.finetune: step 3500/20000  train_loss=0.07480  grad_norm=0.079  lr=9.37e-06  epoch=1  19.2 origins/s
09:16:52 INFO chud_predictor.finetune: step 3520/20000  train_loss=0.07807  grad_norm=0.103  lr=9.36e-06  epoch=1  19.2 origins/s
09:17:17 INFO chud_predictor.finetune: step 3540/20000  train_loss=0.07283  grad_norm=0.063  lr=9.35e-06  epoch=1  19.2 origins/s
09:17:43 INFO chud_predictor.finetune: step 3560/20000  train_loss=0.07523  grad_norm=0.065  lr=9.35e-06  epoch=1  19.3 origins/s
09:18:09 INFO chud_predictor.finetune: step 3580/20000  train_loss=0.07100  grad_norm=0.053  lr=9.34e-06  epoch=1  19.3 origins/s
09:18:34 INFO chud_predictor.finetune: step 3600/20000  train_loss=0.07524  grad_norm=0.065  lr=9.33e-06  epoch=1  19.3 origins/s
09:19:52 INFO chud_predictor.finetune: step 3600 val: pinball_c=7.5953  pinball_c_fan=7.6029  skill_pinball=0.0010  rmse_c=29.8003  skill_mse=-0.0079  skill_mae=0.0091  cover80=0.8257  settle_bss_persist=-0.0110  *best*
09:20:19 INFO chud_predictor.finetune: step 3620/20000  train_loss=0.07444  grad_norm=0.073  lr=9.32e-06  epoch=1  19.1 origins/s
09:20:45 INFO chud_predictor.finetune: step 3640/20000  train_loss=0.07268  grad_norm=0.081  lr=9.32e-06  epoch=1  19.1 origins/s
09:21:11 INFO chud_predictor.finetune: step 3660/20000  train_loss=0.07064  grad_norm=0.071  lr=9.31e-06  epoch=1  19.1 origins/s
09:21:36 INFO chud_predictor.finetune: step 3680/20000  train_loss=0.07567  grad_norm=0.076  lr=9.30e-06  epoch=1  19.2 origins/s
09:22:02 INFO chud_predictor.finetune: step 3700/20000  train_loss=0.07135  grad_norm=0.086  lr=9.29e-06  epoch=1  19.2 origins/s
09:22:28 INFO chud_predictor.finetune: step 3720/20000  train_loss=0.07399  grad_norm=0.060  lr=9.28e-06  epoch=1  19.2 origins/s
09:22:54 INFO chud_predictor.finetune: step 3740/20000  train_loss=0.07435  grad_norm=0.068  lr=9.28e-06  epoch=1  19.2 origins/s
09:23:19 INFO chud_predictor.finetune: step 3760/20000  train_loss=0.07389  grad_norm=0.065  lr=9.27e-06  epoch=1  19.2 origins/s
09:23:45 INFO chud_predictor.finetune: step 3780/20000  train_loss=0.07488  grad_norm=0.085  lr=9.26e-06  epoch=1  19.3 origins/s
09:24:10 INFO chud_predictor.finetune: step 3800/20000  train_loss=0.07408  grad_norm=0.063  lr=9.25e-06  epoch=1  19.3 origins/s
09:25:29 INFO chud_predictor.finetune: step 3800 val: pinball_c=7.5856  pinball_c_fan=7.6029  skill_pinball=0.0023  rmse_c=29.7640  skill_mse=-0.0055  skill_mae=0.0096  cover80=0.8167  settle_bss_persist=-0.0104  *best*
09:25:56 INFO chud_predictor.finetune: step 3820/20000  train_loss=0.07253  grad_norm=0.070  lr=9.25e-06  epoch=1  19.1 origins/s
09:26:21 INFO chud_predictor.finetune: step 3840/20000  train_loss=0.07326  grad_norm=0.066  lr=9.24e-06  epoch=1  19.1 origins/s
09:26:47 INFO chud_predictor.finetune: step 3860/20000  train_loss=0.07431  grad_norm=0.077  lr=9.23e-06  epoch=1  19.1 origins/s
09:27:13 INFO chud_predictor.finetune: step 3880/20000  train_loss=0.07260  grad_norm=0.068  lr=9.22e-06  epoch=1  19.1 origins/s
09:27:38 INFO chud_predictor.finetune: step 3900/20000  train_loss=0.07223  grad_norm=0.059  lr=9.21e-06  epoch=1  19.2 origins/s
09:28:04 INFO chud_predictor.finetune: step 3920/20000  train_loss=0.07373  grad_norm=0.069  lr=9.21e-06  epoch=1  19.2 origins/s
09:28:30 INFO chud_predictor.finetune: step 3940/20000  train_loss=0.07447  grad_norm=0.074  lr=9.20e-06  epoch=1  19.2 origins/s
09:28:55 INFO chud_predictor.finetune: step 3960/20000  train_loss=0.07043  grad_norm=0.081  lr=9.19e-06  epoch=1  19.2 origins/s
09:29:21 INFO chud_predictor.finetune: step 3980/20000  train_loss=0.07613  grad_norm=0.061  lr=9.18e-06  epoch=1  19.3 origins/s
09:29:47 INFO chud_predictor.finetune: step 4000/20000  train_loss=0.07664  grad_norm=0.141  lr=9.17e-06  epoch=1  19.3 origins/s
09:31:05 INFO chud_predictor.finetune: step 4000 val: pinball_c=7.6085  pinball_c_fan=7.6029  skill_pinball=-0.0007  rmse_c=29.7241  skill_mse=-0.0028  skill_mae=0.0061  cover80=0.8265  settle_bss_persist=-0.0047
09:31:30 INFO chud_predictor.finetune: step 4020/20000  train_loss=0.07657  grad_norm=0.074  lr=9.17e-06  epoch=1  19.1 origins/s
09:31:56 INFO chud_predictor.finetune: step 4040/20000  train_loss=0.07270  grad_norm=0.106  lr=9.16e-06  epoch=1  19.1 origins/s
09:32:22 INFO chud_predictor.finetune: step 4060/20000  train_loss=0.07194  grad_norm=0.058  lr=9.15e-06  epoch=1  19.1 origins/s
09:32:24 WARNING chud_predictor.finetune: step 4062: non-finite gradient, update skipped (8 so far)
09:32:47 INFO chud_predictor.finetune: step 4080/20000  train_loss=0.07548  grad_norm=0.086  lr=9.14e-06  epoch=1  19.1 origins/s
09:33:13 INFO chud_predictor.finetune: step 4100/20000  train_loss=0.07403  grad_norm=0.083  lr=9.13e-06  epoch=1  19.2 origins/s
09:33:39 INFO chud_predictor.finetune: step 4120/20000  train_loss=0.07385  grad_norm=0.066  lr=9.12e-06  epoch=1  19.2 origins/s
09:34:04 INFO chud_predictor.finetune: step 4140/20000  train_loss=0.07839  grad_norm=0.050  lr=9.12e-06  epoch=1  19.2 origins/s
09:34:30 INFO chud_predictor.finetune: step 4160/20000  train_loss=0.07736  grad_norm=0.056  lr=9.11e-06  epoch=1  19.2 origins/s
09:34:56 INFO chud_predictor.finetune: step 4180/20000  train_loss=0.07328  grad_norm=0.065  lr=9.10e-06  epoch=1  19.3 origins/s
09:35:21 INFO chud_predictor.finetune: step 4200/20000  train_loss=0.07509  grad_norm=0.071  lr=9.09e-06  epoch=1  19.3 origins/s
09:36:40 INFO chud_predictor.finetune: step 4200 val: pinball_c=7.5936  pinball_c_fan=7.6029  skill_pinball=0.0012  rmse_c=29.7824  skill_mse=-0.0067  skill_mae=0.0074  cover80=0.8393  settle_bss_persist=-0.0099
09:37:05 INFO chud_predictor.finetune: step 4220/20000  train_loss=0.07513  grad_norm=0.071  lr=9.08e-06  epoch=1  19.1 origins/s
09:37:31 INFO chud_predictor.finetune: step 4240/20000  train_loss=0.06729  grad_norm=0.064  lr=9.07e-06  epoch=1  19.1 origins/s
09:37:56 INFO chud_predictor.finetune: step 4260/20000  train_loss=0.07161  grad_norm=0.076  lr=9.06e-06  epoch=1  19.1 origins/s
09:38:22 INFO chud_predictor.finetune: step 4280/20000  train_loss=0.07125  grad_norm=0.092  lr=9.06e-06  epoch=1  19.1 origins/s
09:38:48 INFO chud_predictor.finetune: step 4300/20000  train_loss=0.07087  grad_norm=0.072  lr=9.05e-06  epoch=1  19.2 origins/s
09:39:13 INFO chud_predictor.finetune: step 4320/20000  train_loss=0.07518  grad_norm=0.056  lr=9.04e-06  epoch=1  19.2 origins/s
09:39:39 INFO chud_predictor.finetune: step 4340/20000  train_loss=0.07956  grad_norm=0.062  lr=9.03e-06  epoch=1  19.2 origins/s
09:40:05 INFO chud_predictor.finetune: step 4360/20000  train_loss=0.07470  grad_norm=0.064  lr=9.02e-06  epoch=1  19.2 origins/s
09:40:30 INFO chud_predictor.finetune: step 4380/20000  train_loss=0.07253  grad_norm=0.088  lr=9.01e-06  epoch=1  19.2 origins/s
09:40:56 INFO chud_predictor.finetune: step 4400/20000  train_loss=0.07228  grad_norm=0.107  lr=9.00e-06  epoch=1  19.3 origins/s
09:42:14 INFO chud_predictor.finetune: step 4400 val: pinball_c=7.5996  pinball_c_fan=7.6029  skill_pinball=0.0004  rmse_c=29.8170  skill_mse=-0.0090  skill_mae=0.0093  cover80=0.8101  settle_bss_persist=-0.0146
09:42:40 INFO chud_predictor.finetune: step 4420/20000  train_loss=0.07212  grad_norm=0.061  lr=8.99e-06  epoch=1  19.1 origins/s
09:43:05 INFO chud_predictor.finetune: step 4440/20000  train_loss=0.07730  grad_norm=0.072  lr=8.98e-06  epoch=1  19.1 origins/s
09:43:31 INFO chud_predictor.finetune: step 4460/20000  train_loss=0.07301  grad_norm=0.066  lr=8.98e-06  epoch=1  19.1 origins/s
09:43:57 INFO chud_predictor.finetune: step 4480/20000  train_loss=0.07839  grad_norm=0.072  lr=8.97e-06  epoch=1  19.1 origins/s
09:44:22 INFO chud_predictor.finetune: step 4500/20000  train_loss=0.07493  grad_norm=0.058  lr=8.96e-06  epoch=1  19.2 origins/s
09:44:48 INFO chud_predictor.finetune: step 4520/20000  train_loss=0.07498  grad_norm=0.065  lr=8.95e-06  epoch=1  19.2 origins/s
09:45:14 INFO chud_predictor.finetune: step 4540/20000  train_loss=0.07391  grad_norm=0.104  lr=8.94e-06  epoch=1  19.2 origins/s
09:45:39 INFO chud_predictor.finetune: step 4560/20000  train_loss=0.07497  grad_norm=0.061  lr=8.93e-06  epoch=1  19.2 origins/s
09:46:05 INFO chud_predictor.finetune: step 4580/20000  train_loss=0.07360  grad_norm=0.073  lr=8.92e-06  epoch=1  19.2 origins/s
09:46:30 INFO chud_predictor.finetune: step 4600/20000  train_loss=0.07824  grad_norm=0.088  lr=8.91e-06  epoch=1  19.3 origins/s
09:47:48 INFO chud_predictor.finetune: step 4600 val: pinball_c=7.5935  pinball_c_fan=7.6029  skill_pinball=0.0012  rmse_c=29.7422  skill_mse=-0.0040  skill_mae=0.0076  cover80=0.8320  settle_bss_persist=-0.0069
09:48:14 INFO chud_predictor.finetune: step 4620/20000  train_loss=0.07755  grad_norm=0.076  lr=8.90e-06  epoch=1  19.1 origins/s
09:48:40 INFO chud_predictor.finetune: step 4640/20000  train_loss=0.07421  grad_norm=0.064  lr=8.89e-06  epoch=1  19.1 origins/s
09:49:05 INFO chud_predictor.finetune: step 4660/20000  train_loss=0.07274  grad_norm=0.095  lr=8.88e-06  epoch=1  19.1 origins/s
09:49:31 INFO chud_predictor.finetune: step 4680/20000  train_loss=0.07644  grad_norm=0.066  lr=8.87e-06  epoch=1  19.1 origins/s
09:49:57 INFO chud_predictor.finetune: step 4700/20000  train_loss=0.07385  grad_norm=0.088  lr=8.86e-06  epoch=1  19.2 origins/s
09:50:22 INFO chud_predictor.finetune: step 4720/20000  train_loss=0.07309  grad_norm=0.085  lr=8.86e-06  epoch=1  19.2 origins/s
09:50:48 INFO chud_predictor.finetune: step 4740/20000  train_loss=0.07293  grad_norm=0.083  lr=8.85e-06  epoch=1  19.2 origins/s
09:51:14 INFO chud_predictor.finetune: step 4760/20000  train_loss=0.07303  grad_norm=0.072  lr=8.84e-06  epoch=1  19.2 origins/s
09:51:39 INFO chud_predictor.finetune: step 4780/20000  train_loss=0.07187  grad_norm=0.082  lr=8.83e-06  epoch=1  19.2 origins/s
09:52:05 INFO chud_predictor.finetune: step 4800/20000  train_loss=0.07323  grad_norm=0.082  lr=8.82e-06  epoch=1  19.3 origins/s
09:53:23 INFO chud_predictor.finetune: step 4800 val: pinball_c=7.6102  pinball_c_fan=7.6029  skill_pinball=-0.0010  rmse_c=29.8935  skill_mse=-0.0142  skill_mae=0.0088  cover80=0.8271  settle_bss_persist=-0.0173
09:53:23 INFO chud_predictor.finetune: early stop: no validation improvement in 5 evaluations
09:53:24 INFO chud_predictor.model: loading data/finetune/20260920-073624-finetune-c1024-full/best on cuda (AMD Instinct MI300X VF, torch 2.14.0+rocm7.2) (batch 32)
09:56:02 INFO chud_predictor.finetune: fine-tune run written to data/finetune/20260920-073624-finetune-c1024-full
Loading weights from local directory
== Fine-tune 20260920-073624-finetune-c1024-full ==
context 1024, covariates 'full', trainable all, loss scale none
steps run 4800 (8 skipped for non-finite gradients), best validation step 3800

== Splits (target ranges, UTC) ==
 train  [2025-12-19 06:57, 2026-06-27 00:00)    203750 origins
   val  [2026-06-28 00:00, 2026-08-06 00:00)     46580 origins
  test  [2026-08-07 00:00, 2026-09-17 02:00)     45708 origins
embargo 1440 bars between splits

== Scores over all steps to expiry, cents (skill > 0 beats persistence: the last mid, 0.50 at the open, and its train-split fan) ==
     model  split          pinball_c      pinball_c_fan      skill_pinball             rmse_c     rmse_c_persist          skill_mse          skill_mae            cover80 settle_bss_persist
 zero-shot    val             9.9061             7.6029            -0.3029            32.5271            29.6831            -0.2008            -0.0011             0.3105            -0.4602
 zero-shot   test             9.5500             7.3587            -0.2978            31.5174            28.6159            -0.2131            -0.0205             0.3177            -0.4666
 finetuned    val             7.5856             7.6029             0.0023            29.7640            29.6831            -0.0055             0.0096             0.8167            -0.0104
 finetuned   test             7.3774             7.3587            -0.0025            28.6967            28.6159            -0.0057             0.0020             0.7902            -0.0171

Backtest the held-out test dates (validation and train dates are contaminated for this checkpoint):
  chudp backtest-contract --config configs/contract_full.toml --context 1024 --covariates full --fan-from data/finetune/20260920-073624-finetune-c1024-full/baselines.parquet --start 2026-08-07 --end 2026-09-17 --model-id data/finetune/20260920-073624-finetune-c1024-full/best
  chudp backtest-contract --config configs/contract_full.toml --context 1024 --covariates full --fan-from data/finetune/20260920-073624-finetune-c1024-full/baselines.parquet --start 2026-08-07 --end 2026-09-17    # zero-shot on the same dates

run dir: data/finetune/20260920-073624-finetune-c1024-full
